
> property-description-viewer@0.1.0 start
> react-scripts start

(node:30748) [DEP_WEBPACK_DEV_SERVER_ON_AFTER_SETUP_MIDDLEWARE] DeprecationWarning: 'onAfterSetupMiddleware' option is deprecated. Please use the 'setupMiddlewares' option.
(Use `node --trace-deprecation ...` to show where the warning was created)
(node:30748) [DEP_WEBPACK_DEV_SERVER_ON_BEFORE_SETUP_MIDDLEWARE] DeprecationWarning: 'onBeforeSetupMiddleware' option is deprecated. Please use the 'setupMiddlewares' option.
Starting the development server...

[BABEL] Note: The code generator has deoptimised the styling of /Users/anuragkumar/Desktop/Heybuddy/property-description-viewer/src/pages/Propertydescription/home3.svg as it exceeds the max of 500KB.
[BABEL] Note: The code generator has deoptimised the styling of undefined as it exceeds the max of 500KB.
[BABEL] Note: The code generator has deoptimised the styling of /Users/anuragkumar/Desktop/Heybuddy/property-description-viewer/src/pages/Propertydescription/housegrid2.svg as it exceeds the max of 500KB.
[BABEL] Note: The code generator has deoptimised the styling of undefined as it exceeds the max of 500KB.
[BABEL] Note: The code generator has deoptimised the styling of /Users/anuragkumar/Desktop/Heybuddy/property-description-viewer/src/pages/Propertydescription/housegrid1.svg as it exceeds the max of 500KB.
[BABEL] Note: The code generator has deoptimised the styling of undefined as it exceeds the max of 500KB.
[BABEL] Note: The code generator has deoptimised the styling of /Users/anuragkumar/Desktop/Heybuddy/property-description-viewer/src/pages/Propertydescription/home2.svg as it exceeds the max of 500KB.
[BABEL] Note: The code generator has deoptimised the styling of undefined as it exceeds the max of 500KB.
[BABEL] Note: The code generator has deoptimised the styling of /Users/anuragkumar/Desktop/Heybuddy/property-description-viewer/src/pages/Propertydescription/home1.svg as it exceeds the max of 500KB.
[BABEL] Note: The code generator has deoptimised the styling of undefined as it exceeds the max of 500KB.
Compiled with warnings.

[eslint] 
src/auth/index.js
  Line 1:8:  'React' is defined but never used  no-unused-vars

src/components/map/Map.jsx
  Line 1:26:  'useCallback' is defined but never used  no-unused-vars

src/components/propertyCard/Propertycard.jsx
  Line 1:27:    'useRef' is defined but never used                                                                                                                                                               no-unused-vars
  Line 4:8:     'propertyimage' is defined but never used                                                                                                                                                        no-unused-vars
  Line 8:8:     'Chip' is defined but never used                                                                                                                                                                 no-unused-vars
  Line 9:8:     'wishlist_btn' is defined but never used                                                                                                                                                         no-unused-vars
  Line 11:20:   'SkeletonTheme' is defined but never used                                                                                                                                                        no-unused-vars
  Line 13:10:   'IoFolder' is defined but never used                                                                                                                                                             no-unused-vars
  Line 16:10:   'isLoggedIn' is defined but never used                                                                                                                                                           no-unused-vars
  Line 39:10:   'isLoading' is assigned a value but never used                                                                                                                                                   no-unused-vars
  Line 42:10:   'isdetailExpanded' is assigned a value but never used                                                                                                                                            no-unused-vars
  Line 42:28:   'setIsdetailExpanded' is assigned a value but never used                                                                                                                                         no-unused-vars
  Line 44:9:    'handleImageLoaded' is assigned a value but never used                                                                                                                                           no-unused-vars
  Line 61:9:    'detailStyles' is assigned a value but never used                                                                                                                                                no-unused-vars
  Line 114:6:   React Hook useEffect has a missing dependency: 'checkIfShortlisted'. Either include it or remove the dependency array                                                                            react-hooks/exhaustive-deps
  Line 124:11:  Redundant alt attribute. Screen-readers already announce `img` tags as an image. You don’t need to use the words `image`, `photo,` or `picture` (or any specified custom words) in the alt prop  jsx-a11y/img-redundant-alt

src/components/propertyCard/PropertycardSkeleton.jsx
  Line 3:8:   'bedroom_logo' is defined but never used   no-unused-vars
  Line 5:8:   'bathroom_logo' is defined but never used  no-unused-vars
  Line 6:8:   'villa_logo' is defined but never used     no-unused-vars
  Line 8:20:  'SkeletonTheme' is defined but never used  no-unused-vars

src/components/propertyCardSlider/index.jsx
  Line 19:13:  'className' is assigned a value but never used                                                                                                                                                                                                          no-unused-vars
  Line 19:24:  'style' is assigned a value but never used                                                                                                                                                                                                              no-unused-vars
  Line 32:13:  'className' is assigned a value but never used                                                                                                                                                                                                          no-unused-vars
  Line 32:24:  'style' is assigned a value but never used                                                                                                                                                                                                              no-unused-vars
  Line 53:6:   React Hook useEffect has an unnecessary dependency: 'window.innerWidth'. Either exclude it or remove the dependency array. Outer scope values like 'window.innerWidth' aren't valid dependencies because mutating them doesn't re-render the component  react-hooks/exhaustive-deps

src/components/reviewCard/ReviewCard.jsx
  Line 66:38:  Unexpected mix of '&&' and '||'. Use parentheses to clarify the intended order of operations  no-mixed-operators
  Line 66:72:  Unexpected mix of '&&' and '||'. Use parentheses to clarify the intended order of operations  no-mixed-operators

src/components/reviewCardSlider/ReviewCardSlider.jsx
  Line 11:8:   'PropertycardSkeleton' is defined but never used                                                                                                                                                                                                        no-unused-vars
  Line 20:13:  'className' is assigned a value but never used                                                                                                                                                                                                          no-unused-vars
  Line 20:24:  'style' is assigned a value but never used                                                                                                                                                                                                              no-unused-vars
  Line 33:13:  'className' is assigned a value but never used                                                                                                                                                                                                          no-unused-vars
  Line 33:24:  'style' is assigned a value but never used                                                                                                                                                                                                              no-unused-vars
  Line 55:6:   React Hook useEffect has an unnecessary dependency: 'window.innerWidth'. Either exclude it or remove the dependency array. Outer scope values like 'window.innerWidth' aren't valid dependencies because mutating them doesn't re-render the component  react-hooks/exhaustive-deps

src/hooks/useAddReview.js
  Line 1:8:   'React' is defined but never used                                                                            no-unused-vars
  Line 16:6:  React Hook useEffect has a missing dependency: 'postData'. Either include it or remove the dependency array  react-hooks/exhaustive-deps

src/hooks/useGetFaqbyPropertyid.js
  Line 1:8:   'React' is defined but never used                                                                             no-unused-vars
  Line 28:6:  React Hook useEffect has a missing dependency: 'fetchdata'. Either include it or remove the dependency array  react-hooks/exhaustive-deps

src/hooks/useGetProjectsByBuilderId.js
  Line 1:8:   'React' is defined but never used                                                                             no-unused-vars
  Line 27:6:  React Hook useEffect has a missing dependency: 'fetchdata'. Either include it or remove the dependency array  react-hooks/exhaustive-deps

src/hooks/useGetReviewbyPropertyid.js
  Line 1:8:   'React' is defined but never used                                                                             no-unused-vars
  Line 27:6:  React Hook useEffect has a missing dependency: 'fetchdata'. Either include it or remove the dependency array  react-hooks/exhaustive-deps

src/hooks/useGetSimilarProperties.js
  Line 1:8:   'React' is defined but never used                                                                             no-unused-vars
  Line 27:6:  React Hook useEffect has a missing dependency: 'fetchdata'. Either include it or remove the dependency array  react-hooks/exhaustive-deps

src/pages/Propertydescription/Section1.jsx
  Line 21:9:  'scrollprev' is assigned a value but never used  no-unused-vars
  Line 28:9:  'scrollnext' is assigned a value but never used  no-unused-vars

src/pages/Propertydescription/Section10.jsx
  Line 1:17:   'useEffect' is defined but never used       no-unused-vars
  Line 1:28:   'useState' is defined but never used        no-unused-vars
  Line 2:8:    'styles' is defined but never used          no-unused-vars
  Line 7:8:    'api' is defined but never used             no-unused-vars
  Line 10:9:   'faqs' is assigned a value but never used   no-unused-vars
  Line 34:29:  'error' is assigned a value but never used  no-unused-vars

src/pages/Propertydescription/Section11.jsx
  Line 2:8:  'styles' is defined but never used  no-unused-vars

src/pages/Propertydescription/Section12.jsx
  Line 6:8:   'EMI' is defined but never used           no-unused-vars
  Line 14:8:  'useAddReview' is defined but never used  no-unused-vars

src/pages/Propertydescription/Section2.jsx
  Line 3:8:     'home1' is defined but never used                                                                                      no-unused-vars
  Line 4:8:     'home2' is defined but never used                                                                                      no-unused-vars
  Line 5:8:     'home3' is defined but never used                                                                                      no-unused-vars
  Line 6:8:     'housegrid1' is defined but never used                                                                                 no-unused-vars
  Line 7:8:     'housegrid2' is defined but never used                                                                                 no-unused-vars
  Line 10:8:    'user' is defined but never used                                                                                       no-unused-vars
  Line 25:8:    'Button' is defined but never used                                                                                     no-unused-vars
  Line 145:6:   React Hook useEffect has a missing dependency: 'fetchdata'. Either include it or remove the dependency array           react-hooks/exhaustive-deps
  Line 147:10:  'shortlisted' is assigned a value but never used                                                                       no-unused-vars
  Line 187:6:   React Hook useEffect has a missing dependency: 'checkIfShortlisted'. Either include it or remove the dependency array  react-hooks/exhaustive-deps

src/pages/Propertydescription/Section3.jsx
  Line 3:8:   'housegrid1' is defined but never used      no-unused-vars
  Line 4:8:   'housegrid2' is defined but never used      no-unused-vars
  Line 7:8:   'houseinterior3' is defined but never used  no-unused-vars
  Line 8:8:   'SocietyGlb' is defined but never used      no-unused-vars
  Line 42:9:  'list2' is assigned a value but never used  no-unused-vars

src/pages/Propertydescription/Section4.jsx
  Line 5:8:  'locationimg' is defined but never used  no-unused-vars

src/pages/Propertydescription/Section5.jsx
  Line 12:10:  'posted' is assigned a value but never used    no-unused-vars
  Line 13:10:  'loading' is assigned a value but never used   no-unused-vars
  Line 14:10:  'error' is assigned a value but never used     no-unused-vars
  Line 29:13:  'response' is assigned a value but never used  no-unused-vars

src/pages/Propertydescription/Section6.jsx
  Line 1:17:   'useState' is defined but never used             no-unused-vars
  Line 1:27:   'useEffect' is defined but never used            no-unused-vars
  Line 2:8:    'styles' is defined but never used               no-unused-vars
  Line 3:8:    'user' is defined but never used                 no-unused-vars
  Line 6:8:    'like' is defined but never used                 no-unused-vars
  Line 7:8:    'dislike' is defined but never used              no-unused-vars
  Line 8:8:    'good_review' is defined but never used          no-unused-vars
  Line 9:8:    'bad_review' is defined but never used           no-unused-vars
  Line 10:10:  'IoMdStar' is defined but never used             no-unused-vars
  Line 14:8:   'ReviewCard' is defined but never used           no-unused-vars
  Line 17:10:  'MdArrowBackIosNew' is defined but never used    no-unused-vars
  Line 18:10:  'MdArrowForwardIos' is defined but never used    no-unused-vars
  Line 19:8:   'Skeleton' is defined but never used             no-unused-vars
  Line 20:8:   'api' is defined but never used                  no-unused-vars
  Line 21:8:   'ReviewCardSkeleton' is defined but never used   no-unused-vars
  Line 30:9:   'scrollprev' is assigned a value but never used  no-unused-vars
  Line 37:9:   'scrollnext' is assigned a value but never used  no-unused-vars

src/pages/Propertydescription/Section8.jsx
  Line 1:17:  'useEffect' is defined but never used     no-unused-vars
  Line 1:28:  'useState' is defined but never used      no-unused-vars
  Line 2:8:   'styles' is defined but never used        no-unused-vars
  Line 3:10:  'Propertycard' is defined but never used  no-unused-vars
  Line 7:8:   'api' is defined but never used           no-unused-vars

src/pages/Propertydescription/Section9.jsx
  Line 1:17:  'useEffect' is defined but never used     no-unused-vars
  Line 1:28:  'useState' is defined but never used      no-unused-vars
  Line 2:8:   'styles' is defined but never used        no-unused-vars
  Line 3:10:  'Propertycard' is defined but never used  no-unused-vars
  Line 5:8:   'Button' is defined but never used        no-unused-vars
  Line 8:8:   'api' is defined but never used           no-unused-vars

src/pages/Propertydescription/index.jsx
  Line 121:6:  React Hook useEffect has a missing dependency: 'handlescroll'. Either include it or remove the dependency array  react-hooks/exhaustive-deps

Search for the keywords to learn more about each warning.
To ignore, add // eslint-disable-next-line to the line before.

WARNING in [eslint] 
src/auth/index.js
  Line 1:8:  'React' is defined but never used  no-unused-vars

src/components/map/Map.jsx
  Line 1:26:  'useCallback' is defined but never used  no-unused-vars

src/components/propertyCard/Propertycard.jsx
  Line 1:27:    'useRef' is defined but never used                                                                                                                                                               no-unused-vars
  Line 4:8:     'propertyimage' is defined but never used                                                                                                                                                        no-unused-vars
  Line 8:8:     'Chip' is defined but never used                                                                                                                                                                 no-unused-vars
  Line 9:8:     'wishlist_btn' is defined but never used                                                                                                                                                         no-unused-vars
  Line 11:20:   'SkeletonTheme' is defined but never used                                                                                                                                                        no-unused-vars
  Line 13:10:   'IoFolder' is defined but never used                                                                                                                                                             no-unused-vars
  Line 16:10:   'isLoggedIn' is defined but never used                                                                                                                                                           no-unused-vars
  Line 39:10:   'isLoading' is assigned a value but never used                                                                                                                                                   no-unused-vars
  Line 42:10:   'isdetailExpanded' is assigned a value but never used                                                                                                                                            no-unused-vars
  Line 42:28:   'setIsdetailExpanded' is assigned a value but never used                                                                                                                                         no-unused-vars
  Line 44:9:    'handleImageLoaded' is assigned a value but never used                                                                                                                                           no-unused-vars
  Line 61:9:    'detailStyles' is assigned a value but never used                                                                                                                                                no-unused-vars
  Line 114:6:   React Hook useEffect has a missing dependency: 'checkIfShortlisted'. Either include it or remove the dependency array                                                                            react-hooks/exhaustive-deps
  Line 124:11:  Redundant alt attribute. Screen-readers already announce `img` tags as an image. You don’t need to use the words `image`, `photo,` or `picture` (or any specified custom words) in the alt prop  jsx-a11y/img-redundant-alt

src/components/propertyCard/PropertycardSkeleton.jsx
  Line 3:8:   'bedroom_logo' is defined but never used   no-unused-vars
  Line 5:8:   'bathroom_logo' is defined but never used  no-unused-vars
  Line 6:8:   'villa_logo' is defined but never used     no-unused-vars
  Line 8:20:  'SkeletonTheme' is defined but never used  no-unused-vars

src/components/propertyCardSlider/index.jsx
  Line 19:13:  'className' is assigned a value but never used                                                                                                                                                                                                          no-unused-vars
  Line 19:24:  'style' is assigned a value but never used                                                                                                                                                                                                              no-unused-vars
  Line 32:13:  'className' is assigned a value but never used                                                                                                                                                                                                          no-unused-vars
  Line 32:24:  'style' is assigned a value but never used                                                                                                                                                                                                              no-unused-vars
  Line 53:6:   React Hook useEffect has an unnecessary dependency: 'window.innerWidth'. Either exclude it or remove the dependency array. Outer scope values like 'window.innerWidth' aren't valid dependencies because mutating them doesn't re-render the component  react-hooks/exhaustive-deps

src/components/reviewCard/ReviewCard.jsx
  Line 66:38:  Unexpected mix of '&&' and '||'. Use parentheses to clarify the intended order of operations  no-mixed-operators
  Line 66:72:  Unexpected mix of '&&' and '||'. Use parentheses to clarify the intended order of operations  no-mixed-operators

src/components/reviewCardSlider/ReviewCardSlider.jsx
  Line 11:8:   'PropertycardSkeleton' is defined but never used                                                                                                                                                                                                        no-unused-vars
  Line 20:13:  'className' is assigned a value but never used                                                                                                                                                                                                          no-unused-vars
  Line 20:24:  'style' is assigned a value but never used                                                                                                                                                                                                              no-unused-vars
  Line 33:13:  'className' is assigned a value but never used                                                                                                                                                                                                          no-unused-vars
  Line 33:24:  'style' is assigned a value but never used                                                                                                                                                                                                              no-unused-vars
  Line 55:6:   React Hook useEffect has an unnecessary dependency: 'window.innerWidth'. Either exclude it or remove the dependency array. Outer scope values like 'window.innerWidth' aren't valid dependencies because mutating them doesn't re-render the component  react-hooks/exhaustive-deps

src/hooks/useAddReview.js
  Line 1:8:   'React' is defined but never used                                                                            no-unused-vars
  Line 16:6:  React Hook useEffect has a missing dependency: 'postData'. Either include it or remove the dependency array  react-hooks/exhaustive-deps

src/hooks/useGetFaqbyPropertyid.js
  Line 1:8:   'React' is defined but never used                                                                             no-unused-vars
  Line 28:6:  React Hook useEffect has a missing dependency: 'fetchdata'. Either include it or remove the dependency array  react-hooks/exhaustive-deps

src/hooks/useGetProjectsByBuilderId.js
  Line 1:8:   'React' is defined but never used                                                                             no-unused-vars
  Line 27:6:  React Hook useEffect has a missing dependency: 'fetchdata'. Either include it or remove the dependency array  react-hooks/exhaustive-deps

src/hooks/useGetReviewbyPropertyid.js
  Line 1:8:   'React' is defined but never used                                                                             no-unused-vars
  Line 27:6:  React Hook useEffect has a missing dependency: 'fetchdata'. Either include it or remove the dependency array  react-hooks/exhaustive-deps

src/hooks/useGetSimilarProperties.js
  Line 1:8:   'React' is defined but never used                                                                             no-unused-vars
  Line 27:6:  React Hook useEffect has a missing dependency: 'fetchdata'. Either include it or remove the dependency array  react-hooks/exhaustive-deps

src/pages/Propertydescription/Section1.jsx
  Line 21:9:  'scrollprev' is assigned a value but never used  no-unused-vars
  Line 28:9:  'scrollnext' is assigned a value but never used  no-unused-vars

src/pages/Propertydescription/Section10.jsx
  Line 1:17:   'useEffect' is defined but never used       no-unused-vars
  Line 1:28:   'useState' is defined but never used        no-unused-vars
  Line 2:8:    'styles' is defined but never used          no-unused-vars
  Line 7:8:    'api' is defined but never used             no-unused-vars
  Line 10:9:   'faqs' is assigned a value but never used   no-unused-vars
  Line 34:29:  'error' is assigned a value but never used  no-unused-vars

src/pages/Propertydescription/Section11.jsx
  Line 2:8:  'styles' is defined but never used  no-unused-vars

src/pages/Propertydescription/Section12.jsx
  Line 6:8:   'EMI' is defined but never used           no-unused-vars
  Line 14:8:  'useAddReview' is defined but never used  no-unused-vars

src/pages/Propertydescription/Section2.jsx
  Line 3:8:     'home1' is defined but never used                                                                                      no-unused-vars
  Line 4:8:     'home2' is defined but never used                                                                                      no-unused-vars
  Line 5:8:     'home3' is defined but never used                                                                                      no-unused-vars
  Line 6:8:     'housegrid1' is defined but never used                                                                                 no-unused-vars
  Line 7:8:     'housegrid2' is defined but never used                                                                                 no-unused-vars
  Line 10:8:    'user' is defined but never used                                                                                       no-unused-vars
  Line 25:8:    'Button' is defined but never used                                                                                     no-unused-vars
  Line 145:6:   React Hook useEffect has a missing dependency: 'fetchdata'. Either include it or remove the dependency array           react-hooks/exhaustive-deps
  Line 147:10:  'shortlisted' is assigned a value but never used                                                                       no-unused-vars
  Line 187:6:   React Hook useEffect has a missing dependency: 'checkIfShortlisted'. Either include it or remove the dependency array  react-hooks/exhaustive-deps

src/pages/Propertydescription/Section3.jsx
  Line 3:8:   'housegrid1' is defined but never used      no-unused-vars
  Line 4:8:   'housegrid2' is defined but never used      no-unused-vars
  Line 7:8:   'houseinterior3' is defined but never used  no-unused-vars
  Line 8:8:   'SocietyGlb' is defined but never used      no-unused-vars
  Line 42:9:  'list2' is assigned a value but never used  no-unused-vars

src/pages/Propertydescription/Section4.jsx
  Line 5:8:  'locationimg' is defined but never used  no-unused-vars

src/pages/Propertydescription/Section5.jsx
  Line 12:10:  'posted' is assigned a value but never used    no-unused-vars
  Line 13:10:  'loading' is assigned a value but never used   no-unused-vars
  Line 14:10:  'error' is assigned a value but never used     no-unused-vars
  Line 29:13:  'response' is assigned a value but never used  no-unused-vars

src/pages/Propertydescription/Section6.jsx
  Line 1:17:   'useState' is defined but never used             no-unused-vars
  Line 1:27:   'useEffect' is defined but never used            no-unused-vars
  Line 2:8:    'styles' is defined but never used               no-unused-vars
  Line 3:8:    'user' is defined but never used                 no-unused-vars
  Line 6:8:    'like' is defined but never used                 no-unused-vars
  Line 7:8:    'dislike' is defined but never used              no-unused-vars
  Line 8:8:    'good_review' is defined but never used          no-unused-vars
  Line 9:8:    'bad_review' is defined but never used           no-unused-vars
  Line 10:10:  'IoMdStar' is defined but never used             no-unused-vars
  Line 14:8:   'ReviewCard' is defined but never used           no-unused-vars
  Line 17:10:  'MdArrowBackIosNew' is defined but never used    no-unused-vars
  Line 18:10:  'MdArrowForwardIos' is defined but never used    no-unused-vars
  Line 19:8:   'Skeleton' is defined but never used             no-unused-vars
  Line 20:8:   'api' is defined but never used                  no-unused-vars
  Line 21:8:   'ReviewCardSkeleton' is defined but never used   no-unused-vars
  Line 30:9:   'scrollprev' is assigned a value but never used  no-unused-vars
  Line 37:9:   'scrollnext' is assigned a value but never used  no-unused-vars

src/pages/Propertydescription/Section8.jsx
  Line 1:17:  'useEffect' is defined but never used     no-unused-vars
  Line 1:28:  'useState' is defined but never used      no-unused-vars
  Line 2:8:   'styles' is defined but never used        no-unused-vars
  Line 3:10:  'Propertycard' is defined but never used  no-unused-vars
  Line 7:8:   'api' is defined but never used           no-unused-vars

src/pages/Propertydescription/Section9.jsx
  Line 1:17:  'useEffect' is defined but never used     no-unused-vars
  Line 1:28:  'useState' is defined but never used      no-unused-vars
  Line 2:8:   'styles' is defined but never used        no-unused-vars
  Line 3:10:  'Propertycard' is defined but never used  no-unused-vars
  Line 5:8:   'Button' is defined but never used        no-unused-vars
  Line 8:8:   'api' is defined but never used           no-unused-vars

src/pages/Propertydescription/index.jsx
  Line 121:6:  React Hook useEffect has a missing dependency: 'handlescroll'. Either include it or remove the dependency array  react-hooks/exhaustive-deps

webpack compiled with 1 warning
